[GBhwuqXhOUgQ#0] #¾
[/GBhwuqXhOUgQ]
[bb0R_QEuIlso#0] ö
[/bb0R_QEuIlso]
[df0Eql9hT3SJ#0] #M
[/df0Eql9hT3SJ]
[htBrtzSMPRYO#0] et tårn
[/htBrtzSMPRYO]
[t5CyZaJnsPy7#0] *bejudim
[/t5CyZaJnsPy7]
