[GBhwuqXhOUgQ#0] ^¾<det><qnt><pl>$
[/GBhwuqXhOUgQ]
[bb0R_QEuIlso#0] ^öalphabet<n><m><sg><ind>$
[/bb0R_QEuIlso]
[df0Eql9hT3SJ#0] ^M<det><qnt><pl>$
[/df0Eql9hT3SJ]
[htBrtzSMPRYO#0] ^en<det><qnt><nt><sg>$ ^tårn<n><nt><sg><ind>$
[/htBrtzSMPRYO]
[t5CyZaJnsPy7#0] ^*bejudim$
[/t5CyZaJnsPy7]
