[--Jf4vZvr_ye#0] ^*Såj/*Såj$ ^*goappátjagá/*goappátjagá$ ^*libá/*libá$ ^ávvo<n><sg><ine><@HNOUN>/glede<n><m><sg><CD><ine><@HNOUN>$ ^*ja/*ja$ ^*mannaba/*mannaba$ ^ståhpe<n><sg><ill><@←ADVL>/stue<n><m><sg><ill><@←ADVL>$, ^*la/*la$ ^*muddo/*muddo$ ^*juojddá/*juojddá$ ^*bårråt/*bårråt$ ^*ja/*ja$ ^*vehi/*vehi$ ^*tjátjev/*tjátjev$ ^*juhkat/*juhkat$^!<clb>/!<sent><clb>$
[/--Jf4vZvr_ye]
[0_4JAoG6L__L#0] ^*Marit/*Marit$ ^*tjajmmá/*tjajmmá$ ^*ja/*ja$ ^*javllá/*javllá$: "^*Gávnniv/*Gávnniv$ ^*duv/*duv$^!<clb>/!<sent><clb>$".
[/0_4JAoG6L__L]
[0zgkcjgRm7pk#0] ^Vuojnnet<vblex><tv><indic><pres><p2><sg><@+FMAINV>/Se<vblex><indic><pres><p2><sg><@+FMAINV>$ ^girjje<n><sg><acc><@←OBJ>/brev<n><nt><sg><acc><@←OBJ>/bok<n><m><sg><acc><@←OBJ>$.
[/0zgkcjgRm7pk]
[1RrnT9EuJHGn#0] ^*Marit/*Marit$ ^*gæhttjá/*gæhttjá$ ^ieddne<n><sg><ela><@ADVL→>/mor<n><m><sg><CD><ela><@ADVL→>$ ^glássa<n><pl><nom><@HNOUN>/glass<n><nt><pl><nom><@HNOUN>/vindu<n><nt><pl><nom><@HNOUN>$ ^*duogen/*duogen$, ^ieddne<n><sg><nom><px3sg><@HNOUN>/mor<n><m><sg><nom><px3sg><@HNOUN>$ ^*tjajmmá/*tjajmmá$.
[/1RrnT9EuJHGn]
[23xEDFbmNagz#0] ^*Ij/*Ij$ ^*la/*la$ ^lådde<n><sg><nom><@HNOUN>/fugl<n><m><sg><nom><@HNOUN>$ ^*ij/*ij$ ^*makkirak/*makkirak$ ^*ietjá/*ietjá$ ^*judos/*judos$.
[/23xEDFbmNagz]
[3gsPqKKORKL5#0] ^Vuojnnet<vblex><tv><indic><pres><p2><pl><@+FMAINV>/Se<vblex><indic><pres><p2><pl><@+FMAINV>$ ^girjje<n><sg><acc><@←OBJ>/brev<n><nt><sg><acc><@←OBJ>/bok<n><m><sg><acc><@←OBJ>$.
[/3gsPqKKORKL5]
[3j8W86jVUsTv#0] ^*De/*De$ ^*sån/*sån$ ^vuojnnet<vblex><tv><indic><pres><p3><sg><@+FMAINV>/se<vblex><indic><pres><p3><sg><@+FMAINV>$ ^unne<adj><attr><@→N>/liten<adj><pst><GD><ND><@→N>$ ^giehta<n><der_dimin><n><sg><acc><@←OBJ>/arm<n><m><sg><acc><@←OBJ>/hånd<n><m><sg><acc><@←OBJ>$ ^*aj/*aj$ ^*ja/*ja$ ^*gå/*gå$ ^*sån/*sån$ ^*lagábuj/*lagábuj$ ^*boahtá/*boahtá$, ^*de/*de$ ^*sån/*sån$ ^vuojnnet<vblex><tv><indic><pres><p3><sg><@+FMAINV>/se<vblex><indic><pres><p3><sg><@+FMAINV>$ ^*suv/*suv$ ^oajvve<n><sg><acc><@←OBJ>/sjef<n><m><sg><acc><@←OBJ>/hode<n><nt><sg><acc><@←OBJ>/overhode<n><nt><sg><acc><@←OBJ>$ ^*aj/*aj$^!<clb>/!<sent><clb>$
[/3j8W86jVUsTv]
[4Y-4NSaqg2lP#0] ^*De/*De$ ^*sån/*sån$ ^*gullá/*gullá$ ^jiedna<n><sg><acc><@OBJ→>/stemme<n><m><sg><acc><@OBJ→>$, ^*dat/*dat$ ^*boahtá/*boahtá$ ^*stuora/*stuora$ ^boares<adj><attr><@→N>/gammel<adj><pst><GD><ND><@→N>$ ^muorra<n><pl><nom><@HNOUN>/tre<n><nt><pl><nom><@HNOUN>$ ^*duogen/*duogen$.
[/4Y-4NSaqg2lP]
[4Y-bseVjsUxi#0] ^*Duommá/*Duommá$ ^*ja/*ja$ ^*Marit/*Marit$ ^*lijkkuba/*lijkkuba$ ^ståhkat<vblex><iv><inf><@-FMAINV>/leke<vblex><pers><inf><@-FMAINV>$, ^*såj/*såj$ ^ahke<n><sg><acc><@←OBJ>/alder<n><m><sg><acc><@←OBJ>$ ^*ståhkaba/*ståhkaba$ ^*aktan/*aktan$ ^gárdde<n><sg><ine><@←ADVL>/gjerde<n><nt><sg><CD><ine><@←ADVL>/gjerde<n><mf><sg><CD><ine><@←ADVL>/reingjerde<n><nt><sg><CD><ine><@←ADVL>$ ^*stuora/*stuora$ ^ståhpe<n><pl><nom><@←SUBJ>/stue<n><m><pl><nom><@←SUBJ>$ ^*ålggolin/*ålggolin$.
[/4Y-bseVjsUxi]
[5CZh_0gPiKjg#0] ^*Sån/*Sån$ ^*gatját/*gatját$ ^bena<n><sg><acc><px3sg><@OBJ→>/hund<n><m><sg><acc><px3sg><@OBJ→>$: "^Vuojnnet<vblex><tv><indic><pres><p3><pl><@+FMAINV>/Se<vblex><indic><pres><p3><pl><@+FMAINV>$ ^*gus/*gus$ ^*Duomisav/*Duomisav$?".
[/5CZh_0gPiKjg]
[6IdpD1gy9t4S#0] ^*Manen/*Manen$ ^*dahká/*dahká$ ^*nav/*nav$? ^*Ja/*Ja$ ^*majt/*majt$ ^*Duommá/*Duommá$ ^*dahká/*dahká$ ^muorra<n><pl><nom><@HNOUN>/tre<n><nt><pl><nom><@HNOUN>$ ^*guoran/*guoran$?
[/6IdpD1gy9t4S]
[7qwZfZdhM64z#0] ^*Vuojnáv/*Vuojnáv$ ^*stuora/*stuora$ ^girjje<n><pl><acc><@OBJ→>/brev<n><nt><pl><acc><@OBJ→>/bok<n><m><pl><acc><@OBJ→>$ ^*ruoppsis/*ruoppsis$ ^goahte<n><pl><nom><@HNOUN>/bolig<n><m><pl><nom><@HNOUN>/husstand<n><m><pl><nom><@HNOUN>$ ^*duogen/*duogen$.
[/7qwZfZdhM64z]
[8SBFlK0nZxXJ#0] ^*Sån/*Sån$ ^*åhtså/*åhtså$ ^*Duommáv/*Duommáv$: ^*gåsi/*gåsi$ ^*sån/*sån$ ^*manáj/*manáj$? ^Vuojnnet<vblex><tv><indic><pres><p3><pl><@+FMAINV>/Se<vblex><indic><pres><p3><pl><@+FMAINV>$ ^*gus/*gus$ ^*suv/*suv$?
[/8SBFlK0nZxXJ]
[C8vim-nGYG-S#0] ^*Vuojnáv/*Vuojnáv$ ^*stuora/*stuora$ ^girjje<n><pl><acc><@OBJ→>/brev<n><nt><pl><acc><@OBJ→>/bok<n><m><pl><acc><@OBJ→>$ ^goahte<n><pl><nom><@HNOUN>/bolig<n><m><pl><nom><@HNOUN>/husstand<n><m><pl><nom><@HNOUN>$ ^*duogen/*duogen$.
[/C8vim-nGYG-S]
[CEH5yciMA24N#0] ^*Le/*Le$ ^*gus/*gus$ ^*Maritin/*Maritin$ ^*aj/*aj$ ^bena<n><sg><nom><@X>/hund<n><m><sg><nom><@X>$? ^*Ij/*Ij$, ^*Maritin/*Maritin$ ^*ij/*ij$ ^*la/*la$ ^bena<n><sg><nom><@X>/hund<n><m><sg><nom><@X>$, ^*sujna/*sujna$ ^l<n><abbr><gram_tabbr><sg><gen><@→N>/lalphabet<n><m><unc><sg><nom><gram_tabbr><sg><gen><@→N>$ ^gáhtot<vblex><iv><prsprc><@X>/forsvinne<vblex><pers><adj><pprs><@X>$.
[/CEH5yciMA24N]
[Cjwibi5f_oK8#0] ^*Hæhttu/*Hæhttu$ ^*liehket/*liehket$ ^*Duommá/*Duommá$^!<clb>/!<sent><clb>$
[/Cjwibi5f_oK8]
[DLpXFTApVfn7#0] ^*Marit/*Marit$ ^vádtsát<vblex><iv><vgen><@X>/gå<vblex><pers><adj><pprs><@X>$ ^*hihtásit/*hihtásit$ ^gárdde<n><pl><nom><@X>/gjerde<n><nt><pl><nom><@X>/gjerde<n><mf><pl><nom><@X>/reingjerde<n><nt><pl><nom><@X>$ ^*tjadá/*tjadá$.
[/DLpXFTApVfn7]
[Ggp9P9c68DSX#0] ^*Le/*Le$ ^*buorre/*buorre$ ^dálkke<n><sg><nom><@HNOUN>/vær<n><nt><sg><nom><@HNOUN>/vær<n><m><sg><nom><@HNOUN>$ ^*uddni/*uddni$, ^*la/*la$ ^*huj/*huj$ ^liekkas<adj><sg><nom><@←SPRED>/varm<adj><pst><GD><sg><@←SPRED>$.
[/Ggp9P9c68DSX]
[Hww_bn3eeY_i#0] ^*Duommá/*Duommá$ ^*jåhtelit/*jåhtelit$ ^*viehká/*viehká$ ^*stuora/*stuora$ ^boares<adj><attr><@→N>/gammel<adj><pst><GD><ND><@→N>$ ^muorra<n><pl><nom><@HNOUN>/tre<n><nt><pl><nom><@HNOUN>$ ^*lusi/*lusi$, ^*sån/*sån$ ^tjiehká<n><sg><nom><px2sg><@HNOUN>/gjemmested<n><nt><sg><nom><px2sg><@HNOUN>/gjømmested<n><nt><sg><nom><px2sg><@HNOUN>$ ^*Maritis/*Maritis$.
[/Hww_bn3eeY_i]
[I2x9TEKAgNs5#0] ^*Diedá/*Diedá$ ^*gus/*gus$ ^*manen/*manen$? ^*Marit/*Marit$ ^tjåhkkå<n><sg><ill><@←ADVL>/topp<n><m><sg><ill><@←ADVL>$ ^*ja/*ja$ ^*sujna/*sujna$ ^*li/*li$ ^giehta<n><pl><nom><@HNOUN>/arm<n><m><pl><nom><@HNOUN>/hånd<n><m><pl><nom><@HNOUN>$ ^tjalmme<n><pl><com><@←ADVL>/øye<n><nt><pl><com><@←ADVL>$ ^*åvdån/*åvdån$.
[/I2x9TEKAgNs5]
[IfiQnL4HXxRd#0] ^*Sån/*Sån$ ^*gæhttjá/*gæhttjá$ ^*juohkka/*juohkka$ ^sadje<n><sg><ine><@X>/sted<n><nt><sg><CD><ine><@X>/plass<n><m><sg><CD><ine><@X>$, ^*valla/*valla$ ^*ij/*ij$ ^máhttet<vblex><tv><vgen><@X>/kunne<vblex><pers><adj><pprs><@X>/beherske<vblex><pers><adj><pprs><@X>$ ^*Duomisav/*Duomisav$ ^*gávnnat/*gávnnat$.
[/IfiQnL4HXxRd]
[Kl5Vm5-ZQnOK#0] ^*Valla/*Valla$ ^bena<n><sg><nom><@SUBJ→>/hund<n><m><sg><nom><@SUBJ→>$ ^diehto<n><sg><ine><@ADVL→>/viten<n><m><sg><CD><ine><@ADVL→>/beskjed<n><m><sg><CD><ine><@ADVL→>/opplysning<n><m><sg><CD><ine><@ADVL→>/informasjon<n><m><sg><CD><ine><@ADVL→>$ ^*ij/*ij$ ^máhttet<vblex><tv><vgen><@X>/kunne<vblex><pers><adj><pprs><@X>/beherske<vblex><pers><adj><pprs><@X>$ ^hållat<vblex><tv><inf><@-FMAINV>/tale<vblex><pers><inf><@-FMAINV>$^!<clb>/!<sent><clb>$ ^*Marit/*Marit$ ^*ij/*ij$ ^*oattjo/*oattjo$ ^vásstádus<n><sg><acc><@HNOUN>/svar<n><nt><sg><acc><@HNOUN>$ ^gatjálvis<n><sg><ill><@←ADVL>/spørsmål<n><nt><sg><ill><@←ADVL>$.
[/Kl5Vm5-ZQnOK]
[Ku-nHnEt7guK#0] ^*Duommá/*Duommá$ ^*ja/*ja$ ^*Marit/*Marit$ ^*libá/*libá$ ^gárdde<n><sg><ine><@HNOUN>/gjerde<n><nt><sg><CD><ine><@HNOUN>/gjerde<n><mf><sg><CD><ine><@HNOUN>/reingjerde<n><nt><sg><CD><ine><@HNOUN>$.
[/Ku-nHnEt7guK]
[LEyoga2qKOGR#0] ^*Valla/*Valla$ ^gáhtto<n><sg><gen><cltl><@→N>/katt<n><m><sg><gen><cltl><@→N>$ ^ståhpe<n><sg><ine><@ADVL→>/stue<n><m><sg><CD><ine><@ADVL→>$, ^gáhtot<vblex><iv><prsprc><@X>/forsvinne<vblex><pers><adj><pprs><@X>$ ^*oadá/*oadá$.
[/LEyoga2qKOGR]
[NhmjSU_bN_iB#0] ^*Dat/*Dat$ ^*la/*la$ ^stoagos<n><sg><nom><@HNOUN>/spill<n><nt><sg><nom><@HNOUN>/lek<n><m><sg><nom><@HNOUN>/leking<n><m><sg><nom><@HNOUN>$.
[/NhmjSU_bN_iB]
[SW-nn0XY3egZ#0] "^IV<num><rom><sg><nom><@X>/IV<det><qnt><pl><fixedcase><rom><sg><nom><@X>$ ^*Marit/*Marit$, ^IV<num><rom><sg><nom><@X>/IV<det><qnt><pl><fixedcase><rom><sg><nom><@X>$ ^máhttet<vblex><tv><vgen><@X>/kunne<vblex><pers><adj><pprs><@X>/beherske<vblex><pers><adj><pprs><@X>$ ^*subtsastit/*subtsastit$ ^*dunji/*dunji$^!<clb>/!<sent><clb>$", ^*sån/*sån$ ^*vásstet/*vásstet$.
[/SW-nn0XY3egZ]
[TvvJw8-jH-6E#0] ^*Vuojnáv/*Vuojnáv$ ^*stuora/*stuora$ ^girjje<n><pl><acc><@HNOUN>/brev<n><nt><pl><acc><@HNOUN>/bok<n><m><pl><acc><@HNOUN>$.
[/TvvJw8-jH-6E]
[Tz6hmt3JQRnA#0] ^*Vuojnáv/*Vuojnáv$ ^*stuora/*stuora$ ^girjje<n><sg><acc><@HNOUN>/brev<n><nt><sg><acc><@HNOUN>/bok<n><m><sg><acc><@HNOUN>$.
[/Tz6hmt3JQRnA]
[VizkGffGIbXD#0] ^*Marit/*Marit$ ^*ij/*ij$ ^diehtet<vblex><tv><vgen><@X>/vite<vblex><pers><adj><pprs><@X>$ ^*gånnå/*gånnå$ ^*Duommá/*Duommá$ ^l<n><abbr><gram_tabbr><sg><acc><@X>/lalphabet<n><m><unc><sg><nom><gram_tabbr><sg><acc><@X>$
[/VizkGffGIbXD]
[WfnIzto84EKX#0] ^*Aktak/*Aktak$ ^*ij/*ij$ ^*oattjo/*oattjo$ ^vásstádus<n><sg><acc><@HNOUN>/svar<n><nt><sg><acc><@HNOUN>$, ^*gå/*gå$ ^bena<n><pl><com><@←ADVL>/hund<n><m><pl><com><@←ADVL>$ ^*hålli/*hålli$^!<clb>/!<sent><clb>$
[/WfnIzto84EKX]
[XObHLCGjyAD_#0] ^*Ij/*Ij$ ^*majdik/*majdik$ ^vuojnnet<vblex><tv><imp><p2><sg><@+FMAINV>/se<vblex><imp><p2><sg><@+FMAINV>$ ^*ja/*ja$ ^*sån/*sån$ ^*javllá/*javllá$.
[/XObHLCGjyAD_]
[_YcYE3WfKa8F#0] ^*Marit/*Marit$ ^*ájádallá/*ájádallá$, ^*jut/*jut$ ^*sån/*sån$ ^*la/*la$ ^vuojnnet<vblex><tv><prfprc><@-FMAINV>/se<vblex><prfprc><@-FMAINV>$ ^*gåsi/*gåsi$ ^*Duommá/*Duommá$ ^l<n><abbr><gram_tabbr><pl><nom><@←SUBJ>/lalphabet<n><m><unc><sg><nom><gram_tabbr><pl><nom><@←SUBJ>$ ^mannat<vblex><iv><der_nomact><n><sg><nom><@←SUBJ>/reise<vblex><pers><nt><inf><sg><nom><@←SUBJ>$: "^*Subtsasta/*Subtsasta$ ^*munji/*munji$ ^*gånnå/*gånnå$ ^*sån/*sån$ ^*la/*la$^!<clb>/!<sent><clb>$", ^*sån/*sån$ ^*javllá/*javllá$ ^ieddne<n><sg><ill><px3sg><@←ADVL>/mor<n><m><sg><ill><px3sg><@←ADVL>$.
[/_YcYE3WfKa8F]
[dBowB32b0DGA#0] ^*Duommá/*Duommá$ ^l<n><abbr><gram_tabbr><pl><nom><@HNOUN>/lalphabet<n><m><unc><sg><nom><gram_tabbr><pl><nom><@HNOUN>$ ^unne<adj><attr><@X>/liten<adj><pst><GD><ND><@X>$ ^*báhtjasj/*báhtjasj$ ^*ja/*ja$ ^*sån/*sån$ ^*la/*la$ ^*gudá/*gudá$ ^*jagák/*jagák$.
[/dBowB32b0DGA]
[dIEbIp9Wihqj#0] ^*Gå/*Gå$ ^*Marit/*Marit$ ^*gærggá/*gærggá$ ^låhkåt<vblex><tv><der_nomact><n><sg><ela><@HNOUN>/telle<vblex><pers><nt><inf><sg><CD><ela><@HNOUN>/lese<vblex><pers><nt><inf><sg><CD><ela><@HNOUN>$, ^*sån/*sån$ ^*gæhttjá/*gæhttjá$ ^*ietjas/*ietjas$ ^*birra/*birra$.
[/dIEbIp9Wihqj]
[dl3AmGMpWzb9#0] ^Vuojnnet<vblex><tv><indic><pres><p1><pl><@+FMAINV>/Se<vblex><indic><pres><p1><pl><@+FMAINV>$ ^girjje<n><sg><acc><@←OBJ>/brev<n><nt><sg><acc><@←OBJ>/bok<n><m><sg><acc><@←OBJ>$.
[/dl3AmGMpWzb9]
[gPrvAQE1srBv#0] ^*Vájku/*Vájku$ ^*sån/*sån$ ^*ihkap/*ihkap$ ^*diehtá/*diehtá$ ^*gånnå/*gånnå$ ^*báhttja/*báhttja$ ^*la/*la$, ^*ij/*ij$ ^sihtat<vblex><tv><vgen><@X>/ville<vblex><pers><adj><pprs><@X>$ ^*subtsastit/*subtsastit$.
[/gPrvAQE1srBv]
[h3-9CIErTsIn#0] ^*Sunnu/*Sunnu$ ^ieddne<n><sg><nom><cltl><@SUBJ→>/mor<n><m><sg><nom><cltl><@SUBJ→>$ ^ståhpe<n><sg><ine><@ADVL→>/stue<n><m><sg><CD><ine><@ADVL→>$ ^gáhtot<vblex><iv><prsprc><@X>/forsvinne<vblex><pers><adj><pprs><@X>$ ^*siegen/*siegen$, ^*sån/*sån$ ^*gæhttjá/*gæhttjá$ ^*vinndegav/*vinndegav$ ^*ålgus/*ålgus$ ^*ja/*ja$ ^vuojnnet<vblex><tv><indic><pres><p3><sg><@+FMAINV>/se<vblex><indic><pres><p3><sg><@+FMAINV>$ ^*Duommá/*Duommá$ ^*ja/*ja$ ^*Marit/*Marit$ ^*libá/*libá$ ^ståhkat<vblex><iv><actio><ess><@-FMAINV>/leke<vblex><pers><TD><@-FMAINV>$.
[/h3-9CIErTsIn]
[jRBe3Ks27s25#0] ^*Valla/*Valla$ ^*iektu/*iektu$ ^*lij/*lij$ ^*huj/*huj$ ^tjoaskes<adj><sg><nom><@HNOUN>/kjølig<adj><pst><GD><sg><@HNOUN>$^!<clb>/!<sent><clb>$ ^*Ejga/*Ejga$ ^máhttet<vblex><tv><vgen><@X>/kunne<vblex><pers><adj><pprs><@X>/beherske<vblex><pers><adj><pprs><@X>$ ^ståhkat<vblex><iv><inf><@-FMAINV>/leke<vblex><pers><inf><@-FMAINV>$ ^*ålggon/*ålggon$ ^*dalloj/*dalloj$.
[/jRBe3Ks27s25]
[k7S6wvR1tb5e#0] ^*Sån/*Sån$ ^*gæhttjá/*gæhttjá$ ^bievdde<n><pl><nom><@HNOUN>/bord<n><nt><pl><nom><@HNOUN>/bord<n><m><pl><nom><@HNOUN>$ ^*vuolen/*vuolen$ ^*ja/*ja$ ^ståvllå<n><pl><com><@←ADVL>/stol<n><m><pl><com><@←ADVL>$ ^*vuolen/*vuolen$, ^*valla/*valla$ ^*Duommá/*Duommá$ ^*ij/*ij$ ^*la/*la$ ^*dieppe/*dieppe$.
[/k7S6wvR1tb5e]
[kwKFaodsNogv#0] ^*Sån/*Sån$ ^*ájn/*ájn$ ^*gæhttjalit/*gæhttjalit$ ^*Duomisav/*Duomisav$ ^åhtsåt<vblex><tv><inf><@-FMAINV>/leite<vblex><pers><inf><@-FMAINV>/søke<vblex><pers><inf><@-FMAINV>$.
[/kwKFaodsNogv]
[nk32D9V8gQAw#0] ^*Dálla/*Dálla$ ^*sån/*sån$ ^*gullá/*gullá$ ^*dav/*dav$ ^*buoragit/*buoragit$.
[/nk32D9V8gQAw]
[qgyd6qGiVd0z#0] ^Vuojnnet<vblex><tv><indic><pres><p3><pl><@+FMAINV>/Se<vblex><indic><pres><p3><pl><@+FMAINV>$ ^girjje<n><sg><acc><@←OBJ>/brev<n><nt><sg><acc><@←OBJ>/bok<n><m><sg><acc><@←OBJ>$.
[/qgyd6qGiVd0z]
[tZoJWmCd_1o_#0] ^Bena<n><sg><nom><@SUBJ→>/Hund<n><m><sg><nom><@SUBJ→>$ ^lijkkut<vblex><tv><vgen><@X>/like<vblex><pers><adj><pprs><@X>$ ^ståhkat<vblex><iv><inf><@-FMAINV>/leke<vblex><pers><inf><@-FMAINV>$ ^*dajna/*dajna$ ^*guovtijn/*guovtijn$ ^mánná<n><pl><ine><@←ADVL>/barn<n><nt><pl><CD><ine><@←ADVL>$.
[/tZoJWmCd_1o_]
[tiz0Jo2iJfCv#0] ^Unne<adj><attr><@→N>/Liten<adj><pst><GD><ND><@→N>$ ^nejtsusj<n><sg><nom><cltl><@HNOUN>/småjente<n><m><sg><nom><cltl><@HNOUN>$ ^*suv/*suv$ ^oappásj<n><sg><nom><@HNOUN>/lillesøster<n><m><sg><nom><@HNOUN>$, ^*sån/*sån$ ^*la/*la$ ^*vidá/*vidá$ ^*jagák/*jagák$.
[/tiz0Jo2iJfCv]
[uksRfzth6VJb#0] ^*Vuojnáv/*Vuojnáv$ ^girjje<n><sg><acc><@HNOUN>/brev<n><nt><sg><acc><@HNOUN>/bok<n><m><sg><acc><@HNOUN>$.
[/uksRfzth6VJb]
[ut4tXmXaOnQo#0] ^*Máhtáluluj/*Máhtáluluj$ ^*gus/*gus$ ^*liehket/*liehket$ ^*Duommá/*Duommá$? ^*Dannák/*Dannák$ ^*dat/*dat$ ^jiedna<n><sg><nom><cltl><@HNOUN>/stemme<n><m><sg><nom><cltl><@HNOUN>$ ^*vas/*vas$^!<clb>/!<sent><clb>$ ^*Sån/*Sån$ ^*dárkkelit/*dárkkelit$ ^*gulldalit/*gulldalit$.
[/ut4tXmXaOnQo]
[yCmzXzgXooq1#0] ^Bena<n><sg><nom><cltl><@HNOUN>/Hund<n><m><sg><nom><cltl><@HNOUN>$ ^*huj/*huj$ ^ávvo<n><sg><ine><@←ADVL>/glede<n><m><sg><CD><ine><@←ADVL>$ ^*dálla/*dálla$.
[/yCmzXzgXooq1]
[yLLO_Y8NOsTl#0] ^*GÅNNÅ/*GÅNNÅ$ ^L<num><rom><sg><nom><@HNOUN>/L<det><qnt><pl><fixedcase><rom><sg><nom><@HNOUN>$ ^*DUOMMÁ/*DUOMMÁ$?
[/yLLO_Y8NOsTl]
[zfeB5hXhzgNc#0] ^*Duomisin/*Duomisin$ ^*la/*la$ ^unne<adj><attr><@→N>/liten<adj><pst><GD><ND><@→N>$ ^bena<n><der_dimin><n><sg><nom><@HNOUN>/hund<n><m><sg><nom><@HNOUN>$, ^*dat/*dat$ ^*la/*la$ ^*aj/*aj$ ^gárdde<n><sg><ine><@←ADVL>/gjerde<n><nt><sg><CD><ine><@←ADVL>/gjerde<n><mf><sg><CD><ine><@←ADVL>/reingjerde<n><nt><sg><CD><ine><@←ADVL>$ ^*dálla/*dálla$.
[/zfeB5hXhzgNc]
